CREATE EXTENSION pg_stat_monitor;
SELECT  name
        , setting
        , unit
        , context
        , vartype
        , source
        , min_val
        , max_val
        , enumvals
        , boot_val
        , reset_val
        , pending_restart 
FROM    pg_settings
WHERE   name     LIKE     'pg_stat_monitor.%'
ORDER
BY      name
COLLATE "C";
                     name                     | setting | unit |  context   | vartype |       source       | min_val |  max_val   |    enumvals    | boot_val | reset_val | pending_restart 
----------------------------------------------+---------+------+------------+---------+--------------------+---------+------------+----------------+----------+-----------+-----------------
 pg_stat_monitor.pgsm_bucket_time             | 60      | s    | postmaster | integer | default            | 1       | 2147483647 |                | 60       | 60        | f
 pg_stat_monitor.pgsm_enable_json_log         | on      |      | superuser  | bool    | default            |         |            |                | on       | on        | f
 pg_stat_monitor.pgsm_enable_overflow         | on      |      | postmaster | bool    | default            |         |            |                | on       | on        | f
 pg_stat_monitor.pgsm_enable_pgsm_query_id    | on      |      | user       | bool    | default            |         |            |                | on       | on        | f
 pg_stat_monitor.pgsm_enable_query_plan       | off     |      | user       | bool    | default            |         |            |                | off      | off       | f
 pg_stat_monitor.pgsm_extract_comments        | off     |      | user       | bool    | default            |         |            |                | off      | off       | f
 pg_stat_monitor.pgsm_histogram_buckets       | 20      |      | postmaster | integer | default            | 2       | 50         |                | 20       | 20        | f
 pg_stat_monitor.pgsm_histogram_max           | 100000  | ms   | postmaster | real    | default            | 10      | 5e+07      |                | 100000   | 100000    | f
 pg_stat_monitor.pgsm_histogram_min           | 1       | ms   | postmaster | real    | default            | 0       | 5e+07      |                | 1        | 1         | f
 pg_stat_monitor.pgsm_max                     | 10      | MB   | postmaster | integer | configuration file | 3       | 10240      |                | 3        | 10        | f
 pg_stat_monitor.pgsm_max_buckets             | 2       |      | postmaster | integer | configuration file | 1       | 20000      |                | 2        | 2         | f
 pg_stat_monitor.pgsm_normalized_query        | off     |      | user       | bool    | default            |         |            |                | off      | off       | f
 pg_stat_monitor.pgsm_overflow_target         | 1       |      | postmaster | integer | default            | 0       | 1          |                | 1        | 1         | f
 pg_stat_monitor.pgsm_query_max_len           | 1536    |      | postmaster | integer | configuration file | 1024    | 2147483647 |                | 2048     | 1536      | f
 pg_stat_monitor.pgsm_query_shared_buffer     | 3       | MB   | postmaster | integer | default            | 3       | 10000      |                | 3        | 3         | f
 pg_stat_monitor.pgsm_track                   | top     |      | user       | enum    | default            |         |            | {none,top,all} | top      | top       | f
 pg_stat_monitor.pgsm_track_application_names | on      |      | user       | bool    | default            |         |            |                | on       | on        | f
 pg_stat_monitor.pgsm_track_planning          | off     |      | user       | bool    | default            |         |            |                | off      | off       | f
 pg_stat_monitor.pgsm_track_utility           | on      |      | user       | bool    | default            |         |            |                | on       | on        | f
(19 rows)

DROP EXTENSION pg_stat_monitor;
